Unity Editor version:    6000.4.7f1 (f3c3c4248748)
Branch:                  6000.4/staging
Build type:              Release
Batch mode:              YES
macOS version:           Version 26.3 (Build 25D2125)
Darwin version:          25.3.0
Architecture:            arm64
Running under Rosetta:   NO
Available memory:        24576 MB
Date:                    2026-09-04T06:11:38Z
[Licensing::Module] Trying to connect to existing licensing client channel...
[Licensing::IpcConnector] Successfully connected to: "LicenseClient-suzukimasahiro" at "2026-09-04T06:11:38.891346Z"
Launching external process: /Applications/Unity/Hub/Editor/6000.4.7f1/Unity.app/Contents/Helpers/PackageManager/Server/UnityPackageManager

COMMAND LINE ARGUMENTS:
/Applications/Unity/Hub/Editor/6000.4.7f1/Unity.app/Contents/MacOS/Unity
-batchmode
-projectPath
/Users/suzukimasahiro/Unity/warukyure
-runTests
-testPlatform
PlayMode
-testFilter
UIStateCapture
-testResults
design-state/_raw/test_results.xml
-logFile
design-state/_raw/unity.log
Successfully changed project path to: /Users/suzukimasahiro/Unity/warukyure
/Users/suzukimasahiro/Unity/warukyure
[UnityMemory] Configuration Parameters - Can be set up in boot.config
    "memorysetup-temp-allocator-size-gi-baking-worker=262144"
    "memorysetup-temp-allocator-size-gi-baking-worker=262144"
    "memorysetup-temp-allocator-size-gi-baking-worker=262144"
    "memorysetup-temp-allocator-size-gi-baking-worker=262144"
    "memorysetup-temp-allocator-size-gi-baking-worker=262144"
    "memorysetup-temp-allocator-size-nav-mesh-worker=65536"
    "memorysetup-temp-allocator-size-audio-worker=65536"
    "memorysetup-temp-allocator-size-cloud-worker=32768"
    "memorysetup-allocator-temp-initial-block-size-main=262144"
    "memorysetup-allocator-temp-initial-block-size-worker=262144"
    "memorysetup-temp-allocator-size-background-worker=32768"
    "memorysetup-temp-allocator-size-job-worker=262144"
    "memorysetup-temp-allocator-size-preload-manager=33554432"
    "memorysetup-temp-allocator-size-gfx=262144"
    "memorysetup-bucket-allocator-granularity=16"
    "memorysetup-bucket-allocator-bucket-count=8"
    "memorysetup-bucket-allocator-block-size=33554432"
    "memorysetup-bucket-allocator-block-count=8"
    "memorysetup-main-allocator-block-size=16777216"
    "memorysetup-thread-allocator-block-size=16777216"
    "memorysetup-gfx-main-allocator-block-size=16777216"
    "memorysetup-gfx-thread-allocator-block-size=16777216"
    "memorysetup-cache-allocator-block-size=4194304"
    "memorysetup-typetree-allocator-block-size=2097152"
    "memorysetup-profiler-bucket-allocator-granularity=16"
    "memorysetup-profiler-bucket-allocator-bucket-count=8"
    "memorysetup-profiler-bucket-allocator-block-size=33554432"
    "memorysetup-profiler-bucket-allocator-block-count=8"
    "memorysetup-profiler-allocator-block-size=16777216"
    "memorysetup-profiler-editor-allocator-block-size=1048576"
    "memorysetup-temp-allocator-size-main=16777216"
    "memorysetup-job-temp-allocator-block-size=2097152"
    "memorysetup-job-temp-allocator-block-size-background=1048576"
    "memorysetup-job-temp-allocator-reduction-small-platforms=262144"
Player connection [8530718976]  Target information:

Player connection [8530718976]  * "[IP] 192.168.0.9 [Port] 55504 [Flags] 2 [Guid] 782603295 [EditorId] 782603295 [Version] 1048832 [Id] OSXEditor(0,suzukinoMBP) [Debug] 1 [PackageName] OSXEditor [ProjectName] Editor" 

Player connection [8530718976] Host joined multi-casting on [225.0.0.222:54997]...
Player connection [8530718976] Host joined alternative multi-casting on [225.0.0.222:34997]...
Input System module state changed to: Initialized.
[Physics::Module] Initialized fallback backend.
[Physics::Module] Id: 0xdecafbad
[Package Manager] Connected to IPC stream "Upm-39199" after 0.1 seconds.
[Licensing::Module] Licensing is not yet initialized.
[Licensing::Client] Handshaking with LicensingClient:
  Version:                 1.18.3+d7ffd15
  Session Id:              1e679eed85574da0a98557bec2c141dc
  Correlation Id:          f6454d76b4e7796648aa3fd123390f83
  External correlation Id: 7625860200213285175
  Machine Id:              KJGhI+QT5HjdPvC9nN8L6iEzfsQ=
[Licensing::Module] Successfully connected to LicensingClient on channel: "LicenseClient-suzukimasahiro" (connect: 0.00s, validation: 0.00s, handshake: 0.29s)
[Licensing::IpcConnector] Successfully connected to: "LicenseClient-suzukimasahiro-notifications" at "2026-09-04T06:11:39.178019Z"
[Licensing::Module] Error: Access token is unavailable; failed to update
[Licensing::Client] Successfully resolved entitlement details
[Licensing::Module] License group:
  Id: 15669727626606-unity_d07f9ff420bcbb0a6f27-UnitXXXX
  Product: Unity Pro
  Type: Assigned
  Expiration: 2027-07-07T00:00:00Z
[Licensing::Client] Successfully updated license, isAsync: True, time: 0.00
[Licensing::Module] Licensing Background thread has ended after 0.29s
[Licensing::Module] Licensing is initialized (took 0.06s).
[Licensing::Client] Successfully resolved entitlement details
Library Redirect Path: Library/
[Physics::Module] Selected backend.
[Physics::Module] Name: PhysX
[Physics::Module] Id: 0xf2b8ea05
[Physics::Module] SDK Version: 4.1.2
[Physics::Module] Integration Version: 1.0.0
[Physics::Module] Threading Mode: Multi-Threaded
Initialize engine version: 6000.4.7f1 (f3c3c4248748)
[Subsystems] Discovering subsystems at path /Applications/Unity/Hub/Editor/6000.4.7f1/Unity.app/Contents/Resources/UnitySubsystems
[Subsystems] Discovering subsystems at path /Users/suzukimasahiro/Unity/warukyure/Assets
GfxDevice: creating device client; kGfxThreadingModeNonThreaded
 preferred device: Apple M5 Pro (high power)
Metal devices available: 1
0: Apple M5 Pro (high power)
Using device Apple M5 Pro (high power)
Initializing Metal device caps: Apple M5 Pro
Mac GPU Family: 2
Apple GPU Family: 9
MSL Version: 3.0
Has Float MSAA: 1
Has Float Filtering: 1
ReadWrite Texture Tier: 2
Initialize mono
Mono path[0] = '/Applications/Unity/Hub/Editor/6000.4.7f1/Unity.app/Contents/Resources/Scripting/Managed'
Mono path[1] = '/Applications/Unity/Hub/Editor/6000.4.7f1/Unity.app/Contents/Resources/Scripting/MonoBleedingEdge/lib/mono/unityjit-macos'
Mono config path = '/Applications/Unity/Hub/Editor/6000.4.7f1/Unity.app/Contents/Resources/Scripting/MonoBleedingEdge/etc'
Using monoOptions --debugger-agent=transport=dt_socket,embedding=1,server=y,suspend=n,address=127.0.0.1:56199
CodeReloadManager initialized
Using cacheserver namespaces - metadata:defaultmetadata, artifacts:defaultartifacts
Using cacheserver namespaces - metadata:defaultmetadata, artifacts:defaultartifacts
ImportWorker Server TCP listen port: 0
AcceleratorClientConnectionCallback - disconnected - :0
Begin MonoManager ReloadAssembly
Registering precompiled unity dll's ...
Register platform support module: /Applications/Unity/Hub/Editor/6000.4.7f1/PlaybackEngines/WebGLSupport/UnityEditor.WebGL.Extensions.dll
Register platform support module: /Applications/Unity/Hub/Editor/6000.4.7f1/Unity.app/Contents/PlaybackEngines/MacStandaloneSupport/UnityEditor.OSXStandalone.Extensions.dll
Registered in 0.000333 seconds.
Native extension for OSXStandalone target not found
Native extension for WebGL target not found
Package Manager log level set to [2]
ScheduleIndexationOnStartup MainProcess:False IndexOnStartup:False
Mono: successfully reloaded assembly
- Finished resetting the current domain, in  0.196 seconds
Domain Reload Profiling: 387ms
	BeginReloadAssembly (47ms)
		CreateAndSetChildDomain (11ms)
	RebuildCommonClasses (17ms)
	RebuildNativeTypeToScriptingClass (6ms)
	initialDomainReloadingComplete (23ms)
	LoadAllAssembliesAndSetupDomain (97ms)
		LoadAssemblies (36ms)
		AnalyzeDomain (93ms)
			TypeCache.Refresh (92ms)
				TypeCache.ScanAssembly (84ms)
	FinalizeReload (196ms)
		SetupLoadedEditorAssemblies (0ms)
			InitializePlatformSupportModulesInManaged (20ms)
			BeforeProcessingInitializeOnLoad (40ms)
			ProcessInitializeOnLoadAttributes (52ms)
			ProcessInitializeOnLoadMethodAttributes (50ms)
[Licensing::Client] Successfully resolved entitlement details
Application.AssetDatabase Initial Refresh Start
[Package Manager] Restoring resolved packages state from cache
[Licensing::Client] Successfully resolved entitlement details
[Package Manager] Registered 41 packages:
  Packages from [https://packages.unity.com]:
    com.unity.inputsystem@1.19.0 (location: /Users/suzukimasahiro/Unity/warukyure/Library/PackageCache/com.unity.inputsystem@21a28c3a6c83)
  Built-in packages:
    com.unity.multiplayer.center@1.0.1 (location: /Users/suzukimasahiro/Unity/warukyure/Library/PackageCache/com.unity.multiplayer.center@f01f4ba8d00a)
    com.unity.ugui@2.0.0 (location: /Users/suzukimasahiro/Unity/warukyure/Library/PackageCache/com.unity.ugui@4dc88464a83d)
    com.unity.test-framework@1.6.0 (location: /Users/suzukimasahiro/Unity/warukyure/Library/PackageCache/com.unity.test-framework@76560ee600cb)
    com.unity.modules.accessibility@1.0.0 (location: /Users/suzukimasahiro/Unity/warukyure/Library/PackageCache/com.unity.modules.accessibility)
    com.unity.modules.adaptiveperformance@1.0.0 (location: /Users/suzukimasahiro/Unity/warukyure/Library/PackageCache/com.unity.modules.adaptiveperformance)
    com.unity.modules.ai@1.0.0 (location: /Users/suzukimasahiro/Unity/warukyure/Library/PackageCache/com.unity.modules.ai)
    com.unity.modules.androidjni@1.0.0 (location: /Users/suzukimasahiro/Unity/warukyure/Library/PackageCache/com.unity.modules.androidjni)
    com.unity.modules.animation@1.0.0 (location: /Users/suzukimasahiro/Unity/warukyure/Library/PackageCache/com.unity.modules.animation)
    com.unity.modules.assetbundle@1.0.0 (location: /Users/suzukimasahiro/Unity/warukyure/Library/PackageCache/com.unity.modules.assetbundle)
    com.unity.modules.audio@1.0.0 (location: /Users/suzukimasahiro/Unity/warukyure/Library/PackageCache/com.unity.modules.audio)
    com.unity.modules.cloth@1.0.0 (location: /Users/suzukimasahiro/Unity/warukyure/Library/PackageCache/com.unity.modules.cloth)
    com.unity.modules.director@1.0.0 (location: /Users/suzukimasahiro/Unity/warukyure/Library/PackageCache/com.unity.modules.director)
    com.unity.modules.imageconversion@1.0.0 (location: /Users/suzukimasahiro/Unity/warukyure/Library/PackageCache/com.unity.modules.imageconversion)
    com.unity.modules.imgui@1.0.0 (location: /Users/suzukimasahiro/Unity/warukyure/Library/PackageCache/com.unity.modules.imgui)
    com.unity.modules.jsonserialize@1.0.0 (location: /Users/suzukimasahiro/Unity/warukyure/Library/PackageCache/com.unity.modules.jsonserialize)
    com.unity.modules.particlesystem@1.0.0 (location: /Users/suzukimasahiro/Unity/warukyure/Library/PackageCache/com.unity.modules.particlesystem)
    com.unity.modules.physics@1.0.0 (location: /Users/suzukimasahiro/Unity/warukyure/Library/PackageCache/com.unity.modules.physics)
    com.unity.modules.physics2d@1.0.0 (location: /Users/suzukimasahiro/Unity/warukyure/Library/PackageCache/com.unity.modules.physics2d)
    com.unity.modules.screencapture@1.0.0 (location: /Users/suzukimasahiro/Unity/warukyure/Library/PackageCache/com.unity.modules.screencapture)
    com.unity.modules.terrain@1.0.0 (location: /Users/suzukimasahiro/Unity/warukyure/Library/PackageCache/com.unity.modules.terrain)
    com.unity.modules.terrainphysics@1.0.0 (location: /Users/suzukimasahiro/Unity/warukyure/Library/PackageCache/com.unity.modules.terrainphysics)
    com.unity.modules.tilemap@1.0.0 (location: /Users/suzukimasahiro/Unity/warukyure/Library/PackageCache/com.unity.modules.tilemap)
    com.unity.modules.ui@1.0.0 (location: /Users/suzukimasahiro/Unity/warukyure/Library/PackageCache/com.unity.modules.ui)
    com.unity.modules.uielements@1.0.0 (location: /Users/suzukimasahiro/Unity/warukyure/Library/PackageCache/com.unity.modules.uielements)
    com.unity.modules.umbra@1.0.0 (location: /Users/suzukimasahiro/Unity/warukyure/Library/PackageCache/com.unity.modules.umbra)
    com.unity.modules.unityanalytics@1.0.0 (location: /Users/suzukimasahiro/Unity/warukyure/Library/PackageCache/com.unity.modules.unityanalytics)
    com.unity.modules.unitywebrequest@1.0.0 (location: /Users/suzukimasahiro/Unity/warukyure/Library/PackageCache/com.unity.modules.unitywebrequest)
    com.unity.modules.unitywebrequestassetbundle@1.0.0 (location: /Users/suzukimasahiro/Unity/warukyure/Library/PackageCache/com.unity.modules.unitywebrequestassetbundle)
    com.unity.modules.unitywebrequestaudio@1.0.0 (location: /Users/suzukimasahiro/Unity/warukyure/Library/PackageCache/com.unity.modules.unitywebrequestaudio)
    com.unity.modules.unitywebrequesttexture@1.0.0 (location: /Users/suzukimasahiro/Unity/warukyure/Library/PackageCache/com.unity.modules.unitywebrequesttexture)
    com.unity.modules.unitywebrequestwww@1.0.0 (location: /Users/suzukimasahiro/Unity/warukyure/Library/PackageCache/com.unity.modules.unitywebrequestwww)
    com.unity.modules.vectorgraphics@1.0.0 (location: /Users/suzukimasahiro/Unity/warukyure/Library/PackageCache/com.unity.modules.vectorgraphics)
    com.unity.modules.vehicles@1.0.0 (location: /Users/suzukimasahiro/Unity/warukyure/Library/PackageCache/com.unity.modules.vehicles)
    com.unity.modules.video@1.0.0 (location: /Users/suzukimasahiro/Unity/warukyure/Library/PackageCache/com.unity.modules.video)
    com.unity.modules.vr@1.0.0 (location: /Users/suzukimasahiro/Unity/warukyure/Library/PackageCache/com.unity.modules.vr)
    com.unity.modules.wind@1.0.0 (location: /Users/suzukimasahiro/Unity/warukyure/Library/PackageCache/com.unity.modules.wind)
    com.unity.modules.xr@1.0.0 (location: /Users/suzukimasahiro/Unity/warukyure/Library/PackageCache/com.unity.modules.xr)
    com.unity.modules.subsystems@1.0.0 (location: /Users/suzukimasahiro/Unity/warukyure/Library/PackageCache/com.unity.modules.subsystems)
    com.unity.modules.hierarchycore@1.0.0 (location: /Users/suzukimasahiro/Unity/warukyure/Library/PackageCache/com.unity.modules.hierarchycore)
    com.unity.ext.nunit@2.0.5 (location: /Users/suzukimasahiro/Unity/warukyure/Library/PackageCache/com.unity.ext.nunit@d8c07649098d)
[Subsystems] No new subsystems found in resolved package list.
[Package Manager] Done registering packages in 0.00 seconds
info: Microsoft.Hosting.Lifetime[14]
      Now listening on: http://unix:/tmp/ilpp.sock-67489c4701c0e6c8f47b02c99b713d98
info: Microsoft.Hosting.Lifetime[0]
      Application started. Press Ctrl+C to shut down.
info: Microsoft.Hosting.Lifetime[0]
      Hosting environment: Production
info: Microsoft.Hosting.Lifetime[0]
      Content root path: /Users/suzukimasahiro/Unity/warukyure
info: Microsoft.AspNetCore.Hosting.Diagnostics[1]
      Request starting HTTP/2 POST http://ilpp/UnityILPP.PostProcessing/Ping - application/grpc -
info: Microsoft.AspNetCore.Routing.EndpointMiddleware[0]
      Executing endpoint 'gRPC - /UnityILPP.PostProcessing/Ping'
info: Microsoft.AspNetCore.Routing.EndpointMiddleware[1]
      Executed endpoint 'gRPC - /UnityILPP.PostProcessing/Ping'
info: Microsoft.AspNetCore.Hosting.Diagnostics[2]
      Request finished HTTP/2 POST http://ilpp/UnityILPP.PostProcessing/Ping - 200 - application/grpc 13.6751ms
Starting: /Applications/Unity/Hub/Editor/6000.4.7f1/Unity.app/Contents/Resources/BuildPipeline/bee_backend --ipc --defer-dag-verification --dagfile="Library/Bee/2000b0aE.dag" --continue-on-failure --profile="Library/Bee/backend1.traceevents" ScriptAssemblies
WorkingDir: /Users/suzukimasahiro/Unity/warukyure
DisplayProgressbar: Compiling Scripts
ExitCode: 0 Duration: 0s51ms
*** Tundra build success (0.04 seconds), 0 items updated, 325 evaluated
AssetDatabase: script compilation time: 0.302680s
Begin MonoManager ReloadAssembly
Assembly Assembly-CSharp-Editor-firstpass.dll at Library/ScriptAssemblies/Assembly-CSharp-Editor-firstpass.dll not valid. Loading of assembly skipped.
Assembly Assembly-CSharp-firstpass.dll at Library/ScriptAssemblies/Assembly-CSharp-firstpass.dll not valid. Loading of assembly skipped.
Assembly TestNewCustomAssembly.dll at Library/ScriptAssemblies/TestNewCustomAssembly.dll not valid. Loading of assembly skipped.
Assembly Unity.InputSystem.IntegrationTests.dll at Library/ScriptAssemblies/Unity.InputSystem.IntegrationTests.dll not valid. Loading of assembly skipped.
Assembly Unity.Multiplayer.Center.Editor.Tests.dll at Library/ScriptAssemblies/Unity.Multiplayer.Center.Editor.Tests.dll not valid. Loading of assembly skipped.
Assembly Unity.Multiplayer.Center.Tests.dll at Library/ScriptAssemblies/Unity.Multiplayer.Center.Tests.dll not valid. Loading of assembly skipped.
Assembly Unity.TextMeshPro.Editor.Tests.dll at Library/ScriptAssemblies/Unity.TextMeshPro.Editor.Tests.dll not valid. Loading of assembly skipped.
Assembly Unity.TextMeshPro.Tests.dll at Library/ScriptAssemblies/Unity.TextMeshPro.Tests.dll not valid. Loading of assembly skipped.
Assembly UnityEditor.UI.Common.Tests.dll at Library/ScriptAssemblies/UnityEditor.UI.Common.Tests.dll not valid. Loading of assembly skipped.
Assembly UnityEditor.UI.EditorTests.dll at Library/ScriptAssemblies/UnityEditor.UI.EditorTests.dll not valid. Loading of assembly skipped.
Assembly UnityEngine.UI.Tests.dll at Library/ScriptAssemblies/UnityEngine.UI.Tests.dll not valid. Loading of assembly skipped.
Native extension for OSXStandalone target not found
Native extension for WebGL target not found
ScheduleIndexationOnStartup MainProcess:True IndexOnStartup:False
Mono: successfully reloaded assembly
- Finished resetting the current domain, in  0.213 seconds
Domain Reload Profiling: 514ms
	BeginReloadAssembly (186ms)
		DisableScriptedObjects (8ms)
		CreateAndSetChildDomain (126ms)
	RebuildCommonClasses (17ms)
	RebuildNativeTypeToScriptingClass (7ms)
	initialDomainReloadingComplete (18ms)
	LoadAllAssembliesAndSetupDomain (74ms)
		LoadAssemblies (81ms)
		AnalyzeDomain (21ms)
			TypeCache.Refresh (15ms)
				TypeCache.ScanAssembly (12ms)
			BuildScriptInfoCaches (4ms)
	FinalizeReload (213ms)
		SetupLoadedEditorAssemblies (0ms)
			InitializePlatformSupportModulesInManaged (10ms)
			BeforeProcessingInitializeOnLoad (54ms)
			ProcessInitializeOnLoadAttributes (52ms)
			ProcessInitializeOnLoadMethodAttributes (24ms)
		AwakeInstancesAfterBackupRestoration (10ms)
(Values over 0.050ms)
Asset Pipeline Refresh (id=d87c1fe308b3a4253b9b65f84870469f): Total: 0.963 seconds - Initiated by InitialRefreshV2(ForceSynchronousImport)
	Summary:
		Imports: total=0 (actual=0, local cache=0, cache server=0)
		Asset DB Process Time: managed=0 ms, native=341 ms
		Asset DB Callback time: managed=8 ms, native=3 ms
		Scripting: domain reloads=1, domain reload time=301 ms, compile time=303 ms, other=4 ms
		Project Asset Count: scripts=366, non-scripts=369
		Asset File Changes: new=0, changed=0, moved=0, deleted=0
		Scan Filter Count: 1
	InvokePackagesCallback: 3.970ms
	ApplyChangesToAssetFolders: 0.148ms
	Scan: 82.569ms
	CategorizeScriptCompilationAssets: 4.310ms
	ProcessAssetsWithTransientArtifactChanges: 6.749ms
	CategorizeAssets: 3.678ms
	CompileScripts: 303.347ms
	ImportOutOfDateAssets: 214.433ms (214.151ms without children)
		UnloadImportedAssets: 0.108ms
		EnsureUptoDateAssetsAreRegisteredWithGuidPM: 0.064ms
		OnDemandSchedulerStart: 0.109ms
	PostProcessAllAssets: 8.358ms
		MonoPostProcessAllAssets: 8.336ms
			WindowAssetPostprocessingWatcher.OnPostprocessAllAssets 3.088ms
			SyncVS.PostprocessSyncProject 0.567ms
			SpeedTree9Postprocessor.OnPostprocessAllAssets 0.305ms
			ReferencedClipsPostProcessor.OnPostprocessAllAssets 0.130ms
			InputActionAssetPostprocessor.OnPostprocessAllAssets 0.100ms
			ProjectSettingsPostprocessor.OnPostprocessAllAssets 0.088ms
			TerrainToolbarOverlayPostProcessor.OnPostprocessAllAssets 0.085ms
			AssetDatabaseCallbacks.OnPostprocessAllAssets 0.060ms
	UnloadStreamsBegin: 0.462ms
	GenerateScriptTypeHashes: 0.908ms
	GenerateScriptTypeSerializationHashes: 1.852ms
	Untracked: 334.211ms

Application.AssetDatabase Initial Refresh End
Launching external process: /Applications/Unity/Hub/Editor/6000.4.7f1/Unity.app/Contents/Helpers/UnityShaderCompiler
Launched and connected shader compiler UnityShaderCompiler after 0.02 seconds
Scanning for USB devices : 0.022ms
Initializing Unity extensions:
[MODES] ModeService[none].Initialize
[MODES] ModeService[none].LoadModes
[MODES] Loading mode Default (0) for mode-current-id-warukyure
2026-09-04 15:11:40.935 Unity[39199:7187450] NSEventModifierFlagFunction specified to -setKeyEquivalentModifierMask: for item <NSMenuItem: 0x8500c88c0 SDF, ke='Command-F12'>, but is only supported for system-provided menu items; will not be used
Unloading 3 Unused Serialized files (Serialized files now loaded: 0)
Unloading 1268 unused Assets / (0.9 MB). Loaded Objects now: 1910.
Memory consumption went from 115.0 MB to 114.1 MB.
Total: 3.521209 ms (FindLiveObjects: 0.059125 ms CreateObjectMapping: 0.020875 ms MarkObjects: 3.124208 ms  DeleteObjects: 0.316375 ms)

[Project] Loading completed in 2.074 seconds
	Project init time: 				1.916 seconds
		Template init time: 		0.000 seconds
		Package Manager init time: 		0.198 seconds
		Asset Database init time: 		0.125 seconds
		Global illumination init time: 	0.000 seconds
		Assemblies load time: 			0.401 seconds
		Unity extensions init time: 	0.003 seconds
		Asset Database refresh time: 	0.964 seconds
	Scene opening time: 			0.090 seconds
##utp:{"type":"ProjectInfo","version":2,"phase":"Immediate","time":1788502300962,"processId":39199,"projectLoad":2.074485375,"projectInit":1.91553625,"templateInit":0.0,"packageManagerInit":0.198027667,"assetDatabaseInit":0.125484958,"globalIlluminationInit":0.000445667,"assembliesLoad":0.40067175,"unityExtensionsInit":0.002813834,"assetDatabaseRefresh":0.9637055,"sceneOpening":0.090236834}
##utp:{"type":"EditorInfo","version":2,"phase":"Immediate","time":1788502300962,"processId":39199,"editorVersion":"6000.4.7f1 (f3c3c4248748)","branch":"6000.4/staging","buildType":"Release","platform":"OSX"}
Subscribe to USB device events
[Licensing::Client] Successfully resolved entitlement details
Running tests for ExecutionSettings with details:
targetPlatform = 
playerHeartbeatTimeout = 600
filters[0] = 
   Filter with settings:
   testMode = PlayMode
   targetPlatform = 
   testNames = null
   groupNames = UIStateCapture
   categoryNames = null
   assemblyNames = null
ignoreTests = {}
featureFlags = null

UnityEngine.Debug:ExtractStackTraceNoAlloc (byte*,int,string)
UnityEngine.StackTraceUtility:ExtractStackTrace () (at /Users/bokken/build/output/unity/unity/Runtime/Export/Scripting/StackTrace.cs:35)
UnityEngine.DebugLogHandler:Internal_Log (UnityEngine.LogType,UnityEngine.LogOption,string,UnityEngine.Object)
UnityEngine.DebugLogHandler:LogFormat (UnityEngine.LogType,UnityEngine.Object,string,object[])
UnityEngine.Logger:Log (UnityEngine.LogType,object)
UnityEngine.Debug:Log (object)
UnityEditor.TestTools.TestRunner.CommandLineTest.Executer:InitializeAndExecuteRun (string[]) (at ./Library/PackageCache/com.unity.test-framework@76560ee600cb/UnityEditor.TestRunner/CommandLineTest/Executer.cs:53)
UnityEditor.TestTools.TestRunner.CommandLineTest.TestStarter:InitializeAndExecuteRun () (at ./Library/PackageCache/com.unity.test-framework@76560ee600cb/UnityEditor.TestRunner/CommandLineTest/TestStarter.cs:64)
UnityEditor.EditorApplication:Internal_CallUpdateFunctions () (at /Users/bokken/build/output/unity/unity/Editor/Mono/EditorApplication.cs:401)

(Filename: ./Library/PackageCache/com.unity.test-framework@76560ee600cb/UnityEditor.TestRunner/CommandLineTest/Executer.cs Line: 53)

[UnityConnectServicesConfig] config is NOT valid, switching to default
Created GICache directory at /Users/suzukimasahiro/Library/Caches/com.unity3d.UnityEditor/GiCache. Took: 0.001s, timestamps: [2.076 - 2.077]
[Licensing::Client] Successfully resolved entitlement details
Canceling DisplayDialog: [Ad-Virtua] Dependency Package Installation Required packages for Ad-Virtua iOS functionality are missing.

Package: com.unity.ads.ios-support
Purpose: IDFA retrieval on iOS 14

Install automatically?
This should not be called when not controlled by a human.
UnityEngine.Debug:ExtractStackTraceNoAlloc (byte*,int,string)
UnityEngine.StackTraceUtility:ExtractStackTrace () (at /Users/bokken/build/output/unity/unity/Runtime/Export/Scripting/StackTrace.cs:35)
UnityEditor.EditorDialog:DisplayDecisionDialogNative (string,UnityEditor.DialogIconType,string,string,string)
UnityEditor.EditorDialog:DisplayDecisionDialog (string,string,string,string,UnityEditor.DialogIconType) (at /Users/bokken/build/output/unity/unity/Editor/Mono/EditorDialog.cs:348)
UnityEditor.EditorUtility:DisplayDialog (string,string,string,string) (at /Users/bokken/build/output/unity/unity/Editor/Mono/EditorUtility.cs:199)
Ad_Virtua.Editor.DependencyInstaller:OnListRequestComplete () (at Assets/Ad-Virtua/Editor/DependencyInstaller.cs:46)
UnityEditor.EditorApplication:Internal_CallUpdateFunctions () (at /Users/bokken/build/output/unity/unity/Editor/Mono/EditorApplication.cs:401)

[/Users/bokken/build/output/unity/unity/Editor/Mono/EditorDialog.cs line 348]

[Ad-Virtua] Manual installation of com.unity.ads.ios-support is required.
Please search for 'iOS 14 Advertising Support' in Window > Package Manager > Unity Registry.
UnityEngine.Debug:ExtractStackTraceNoAlloc (byte*,int,string)
UnityEngine.StackTraceUtility:ExtractStackTrace () (at /Users/bokken/build/output/unity/unity/Runtime/Export/Scripting/StackTrace.cs:35)
UnityEngine.DebugLogHandler:Internal_Log (UnityEngine.LogType,UnityEngine.LogOption,string,UnityEngine.Object)
UnityEngine.DebugLogHandler:LogFormat (UnityEngine.LogType,UnityEngine.Object,string,object[])
UnityEngine.Logger:Log (UnityEngine.LogType,object)
UnityEngine.Debug:LogWarning (object)
Ad_Virtua.Editor.DependencyInstaller:OnListRequestComplete () (at Assets/Ad-Virtua/Editor/DependencyInstaller.cs:63)
UnityEditor.EditorApplication:Internal_CallUpdateFunctions () (at /Users/bokken/build/output/unity/unity/Editor/Mono/EditorApplication.cs:401)

(Filename: Assets/Ad-Virtua/Editor/DependencyInstaller.cs Line: 63)

Unloading 2 Unused Serialized files (Serialized files now loaded: 0)
Unloading 0 unused Assets / (54.1 KB). Loaded Objects now: 1929.
Memory consumption went from 112.3 MB to 112.2 MB.
Total: 3.441333 ms (FindLiveObjects: 0.031500 ms CreateObjectMapping: 0.011375 ms MarkObjects: 3.393709 ms  DeleteObjects: 0.004083 ms)

Start importing Assets/InitTestScene8a68a989-593a-4532-a94d-86e6e0e7ea6f.unity using Guid(ba57943fe9b774c37ac66ed08946f8df) (DefaultImporter) -> (Import Result ID: 'a1ceef46f65561045d855eb77d4c3e74') in 0.002211208 seconds [static dependencies only]. Details - ImportResultOutputID=de399a37ddd164549673056414fe43d4 DependenciesID=4fc729163518d9679f9457edba8ef1c5 StaticDependenciesID=3f0cd44e29d7533f10fb4559bcd516fd 
Asset Pipeline Refresh (id=8f548ec57ba62492c9a9c52a86a930a6): Total: 0.022 seconds - Initiated by StopAssetImportingV2(NoUpdateAssetOptions)
Thread 0x17b3c7000 may have been prematurely finalized
Reloading assemblies for play mode.
Reloading assemblies after forced synchronous recompile.
Assembly Assembly-CSharp-Editor-firstpass.dll at Library/ScriptAssemblies/Assembly-CSharp-Editor-firstpass.dll not valid. Loading of assembly skipped.
Assembly Assembly-CSharp-firstpass.dll at Library/ScriptAssemblies/Assembly-CSharp-firstpass.dll not valid. Loading of assembly skipped.
Assembly TestNewCustomAssembly.dll at Library/ScriptAssemblies/TestNewCustomAssembly.dll not valid. Loading of assembly skipped.
Assembly Unity.InputSystem.IntegrationTests.dll at Library/ScriptAssemblies/Unity.InputSystem.IntegrationTests.dll not valid. Loading of assembly skipped.
Assembly Unity.Multiplayer.Center.Editor.Tests.dll at Library/ScriptAssemblies/Unity.Multiplayer.Center.Editor.Tests.dll not valid. Loading of assembly skipped.
Assembly Unity.Multiplayer.Center.Tests.dll at Library/ScriptAssemblies/Unity.Multiplayer.Center.Tests.dll not valid. Loading of assembly skipped.
Assembly Unity.TextMeshPro.Editor.Tests.dll at Library/ScriptAssemblies/Unity.TextMeshPro.Editor.Tests.dll not valid. Loading of assembly skipped.
Assembly Unity.TextMeshPro.Tests.dll at Library/ScriptAssemblies/Unity.TextMeshPro.Tests.dll not valid. Loading of assembly skipped.
Assembly UnityEditor.UI.Common.Tests.dll at Library/ScriptAssemblies/UnityEditor.UI.Common.Tests.dll not valid. Loading of assembly skipped.
Assembly UnityEditor.UI.EditorTests.dll at Library/ScriptAssemblies/UnityEditor.UI.EditorTests.dll not valid. Loading of assembly skipped.
Assembly UnityEngine.UI.Tests.dll at Library/ScriptAssemblies/UnityEngine.UI.Tests.dll not valid. Loading of assembly skipped.
Begin MonoManager ReloadAssembly
2026-09-04 15:11:41.208 Unity[39199:7187450] NSEventModifierFlagFunction specified to -setKeyEquivalentModifierMask: for item <NSMenuItem: 0x8500ca4e0 SDF, ke='Command-F12'>, but is only supported for system-provided menu items; will not be used
2026-09-04 15:11:41.209 Unity[39199:7187450] NSEventModifierFlagFunction specified to -setKeyEquivalentModifierMask: for item <NSMenuItem: 0x8500c9900 SDF, ke='Command-F12'>, but is only supported for system-provided menu items; will not be used
2026-09-04 15:11:41.211 Unity[39199:7187450] NSEventModifierFlagFunction specified to -setKeyEquivalentModifierMask: for item <NSMenuItem: 0x8500cada0 SDF, ke='Command-F12'>, but is only supported for system-provided menu items; will not be used
2026-09-04 15:11:41.212 Unity[39199:7187450] NSEventModifierFlagFunction specified to -setKeyEquivalentModifierMask: for item <NSMenuItem: 0x8500cb520 SDF, ke='Command-F12'>, but is only supported for system-provided menu items; will not be used
Assembly Assembly-CSharp-Editor-firstpass.dll at Library/ScriptAssemblies/Assembly-CSharp-Editor-firstpass.dll not valid. Loading of assembly skipped.
Assembly Assembly-CSharp-firstpass.dll at Library/ScriptAssemblies/Assembly-CSharp-firstpass.dll not valid. Loading of assembly skipped.
Assembly TestNewCustomAssembly.dll at Library/ScriptAssemblies/TestNewCustomAssembly.dll not valid. Loading of assembly skipped.
Assembly Unity.InputSystem.IntegrationTests.dll at Library/ScriptAssemblies/Unity.InputSystem.IntegrationTests.dll not valid. Loading of assembly skipped.
Assembly Unity.Multiplayer.Center.Editor.Tests.dll at Library/ScriptAssemblies/Unity.Multiplayer.Center.Editor.Tests.dll not valid. Loading of assembly skipped.
Assembly Unity.Multiplayer.Center.Tests.dll at Library/ScriptAssemblies/Unity.Multiplayer.Center.Tests.dll not valid. Loading of assembly skipped.
Assembly Unity.TextMeshPro.Editor.Tests.dll at Library/ScriptAssemblies/Unity.TextMeshPro.Editor.Tests.dll not valid. Loading of assembly skipped.
Assembly Unity.TextMeshPro.Tests.dll at Library/ScriptAssemblies/Unity.TextMeshPro.Tests.dll not valid. Loading of assembly skipped.
Assembly UnityEditor.UI.Common.Tests.dll at Library/ScriptAssemblies/UnityEditor.UI.Common.Tests.dll not valid. Loading of assembly skipped.
Assembly UnityEditor.UI.EditorTests.dll at Library/ScriptAssemblies/UnityEditor.UI.EditorTests.dll not valid. Loading of assembly skipped.
Assembly UnityEngine.UI.Tests.dll at Library/ScriptAssemblies/UnityEngine.UI.Tests.dll not valid. Loading of assembly skipped.
Native extension for OSXStandalone target not found
Native extension for WebGL target not found
ScheduleIndexationOnStartup MainProcess:True IndexOnStartup:False
Mono: successfully reloaded assembly
- Finished resetting the current domain, in  0.279 seconds
Domain Reload Profiling: 421ms
	BeginReloadAssembly (81ms)
		DisableScriptedObjects (8ms)
		CreateAndSetChildDomain (31ms)
	RebuildCommonClasses (18ms)
	RebuildNativeTypeToScriptingClass (6ms)
	initialDomainReloadingComplete (14ms)
	LoadAllAssembliesAndSetupDomain (23ms)
		LoadAssemblies (29ms)
		AnalyzeDomain (15ms)
			TypeCache.Refresh (2ms)
			BuildScriptInfoCaches (11ms)
	FinalizeReload (279ms)
		SetupLoadedEditorAssemblies (0ms)
			InitializePlatformSupportModulesInManaged (10ms)
			BeforeProcessingInitializeOnLoad (53ms)
			ProcessInitializeOnLoadAttributes (49ms)
			ProcessInitializeOnLoadMethodAttributes (56ms)
		AwakeInstancesAfterBackupRestoration (11ms)
(Values over 0.050ms)
Asset Pipeline Refresh (id=15a4ae2c2df79492089124d408690589): Total: 0.448 seconds - Initiated by StopAssetImportingV2(ForceSynchronousImport | ForceDomainReload)
	Summary:
		Imports: total=0 (actual=0, local cache=0, cache server=0)
		Asset DB Process Time: managed=0 ms, native=290 ms
		Asset DB Callback time: managed=8 ms, native=0 ms
		Scripting: domain reloads=1, domain reload time=148 ms, compile time=0 ms, other=0 ms
		Project Asset Count: scripts=366, non-scripts=370
		Asset File Changes: new=0, changed=0, moved=0, deleted=0
		Scan Filter Count: 0
	InvokePackagesCallback: 0.513ms
	ApplyChangesToAssetFolders: 0.102ms
	ProcessAssetsWithTransientArtifactChanges: 0.279ms
	CategorizeAssets: 3.060ms
	CompileScripts: 0.492ms
	ImportOutOfDateAssets: 279.622ms (279.494ms without children)
		EnsureUptoDateAssetsAreRegisteredWithGuidPM: 0.055ms
		OnDemandSchedulerStart: 0.068ms
	PostProcessAllAssets: 8.885ms
		MonoPostProcessAllAssets: 8.884ms
			StyleCatalogPostProcessor.OnPostprocessAllAssets 5.779ms
			AssetPostprocessor.OnPostprocessAllAssets 4.730ms
			WindowAssetPostprocessingWatcher.OnPostprocessAllAssets 3.586ms
			BuilderAssetPostprocessor.OnPostprocessAllAssets 2.748ms
			SyncVS.PostprocessSyncProject 0.581ms
			AssetChangedListener.OnPostprocessAllAssets 0.489ms
			RetainedModeAssetPostprocessor.OnPostprocessAllAssets 0.480ms
			SpeedTree9Postprocessor.OnPostprocessAllAssets 0.330ms
			ArtifactBrowserPostProcessor.OnPostprocessAllAssets 0.237ms
			TMPro_TexturePostProcessor.OnPostprocessAllAssets 0.221ms
			TextAssetPostProcessor.OnPostprocessAllAssets 0.142ms
			ReferencedClipsPostProcessor.OnPostprocessAllAssets 0.135ms
			AssetEvents.OnPostprocessAllAssets 0.114ms
			AudioMixerPostprocessor.OnPostprocessAllAssets 0.113ms
			InputActionAssetPostprocessor.OnPostprocessAllAssets 0.112ms
			InputActionJsonNameModifierAssetProcessor.OnPostprocessAllAssets 0.107ms
			ProjectSettingsPostprocessor.OnPostprocessAllAssets 0.086ms
			TerrainToolbarOverlayPostProcessor.OnPostprocessAllAssets 0.069ms
			AssetDatabaseCallbacks.OnPostprocessAllAssets 0.069ms
			SpeedTreePostProcessor.OnPostprocessAllAssets 0.063ms
	GenerateScriptTypeHashes: 0.782ms
	GenerateScriptTypeSerializationHashes: 1.536ms
	Untracked: 154.533ms

Loaded scene 'Temp/__Backupscenes/0.backup'
	Deserialize:            0.401 ms
	Integration:            16.713 ms
	Integration of assets:  0.001 ms
	Thread Wait Time:       0.006 ms
	Total Operation Time:   17.120 ms
[MODES] ModeService[none].Initialize
[MODES] ModeService[none].LoadModes
[Licensing::Client] Successfully resolved entitlement details

IgnoreFailingMessages:true
Unloading 14 Unused Serialized files (Serialized files now loaded: 0)
UnloadTime: 0.085833 ms
Loaded scene 'Assets/Scenes/Main.unity'
	Deserialize:            5.704 ms
	Integration:            6.481 ms
	Integration of assets:  0.149 ms
	Thread Wait Time:       0.156 ms
	Total Operation Time:   12.490 ms
[Licensing::Client] Successfully resolved entitlement details
Canceling DisplayDialog: [Ad-Virtua] Dependency Package Installation Required packages for Ad-Virtua iOS functionality are missing.

Package: com.unity.ads.ios-support
Purpose: IDFA retrieval on iOS 14

Install automatically?
This should not be called when not controlled by a human.
UnityEngine.Debug:ExtractStackTraceNoAlloc (byte*,int,string)
UnityEngine.StackTraceUtility:ExtractStackTrace () (at /Users/bokken/build/output/unity/unity/Runtime/Export/Scripting/StackTrace.cs:35)
UnityEditor.EditorDialog:DisplayDecisionDialogNative (string,UnityEditor.DialogIconType,string,string,string)
UnityEditor.EditorDialog:DisplayDecisionDialog (string,string,string,string,UnityEditor.DialogIconType) (at /Users/bokken/build/output/unity/unity/Editor/Mono/EditorDialog.cs:348)
UnityEditor.EditorUtility:DisplayDialog (string,string,string,string) (at /Users/bokken/build/output/unity/unity/Editor/Mono/EditorUtility.cs:199)
Ad_Virtua.Editor.DependencyInstaller:OnListRequestComplete () (at Assets/Ad-Virtua/Editor/DependencyInstaller.cs:46)
UnityEditor.EditorApplication:Internal_CallUpdateFunctions () (at /Users/bokken/build/output/unity/unity/Editor/Mono/EditorApplication.cs:401)

[/Users/bokken/build/output/unity/unity/Editor/Mono/EditorDialog.cs line 348]

[Ad-Virtua] Manual installation of com.unity.ads.ios-support is required.
Please search for 'iOS 14 Advertising Support' in Window > Package Manager > Unity Registry.
UnityEngine.Debug:ExtractStackTraceNoAlloc (byte*,int,string)
UnityEngine.StackTraceUtility:ExtractStackTrace () (at /Users/bokken/build/output/unity/unity/Runtime/Export/Scripting/StackTrace.cs:35)
UnityEngine.DebugLogHandler:Internal_Log (UnityEngine.LogType,UnityEngine.LogOption,string,UnityEngine.Object)
UnityEngine.DebugLogHandler:LogFormat (UnityEngine.LogType,UnityEngine.Object,string,object[])
UnityEngine.Logger:Log (UnityEngine.LogType,object)
UnityEngine.Debug:LogWarning (object)
Ad_Virtua.Editor.DependencyInstaller:OnListRequestComplete () (at Assets/Ad-Virtua/Editor/DependencyInstaller.cs:63)
UnityEditor.EditorApplication:Internal_CallUpdateFunctions () (at /Users/bokken/build/output/unity/unity/Editor/Mono/EditorApplication.cs:401)

(Filename: Assets/Ad-Virtua/Editor/DependencyInstaller.cs Line: 63)

Unloading 7 unused Assets / (0.8 KB). Loaded Objects now: 2616.
Memory consumption went from 116.1 MB to 116.1 MB.
Total: 3.515458 ms (FindLiveObjects: 0.053500 ms CreateObjectMapping: 0.015750 ms MarkObjects: 3.432458 ms  DeleteObjects: 0.013500 ms)

[UIStateCapture] title: 93 objects, roundedValues=192, roundedObjects=48
UnityEngine.Debug:ExtractStackTraceNoAlloc (byte*,int,string)
UnityEngine.StackTraceUtility:ExtractStackTrace () (at /Users/bokken/build/output/unity/unity/Runtime/Export/Scripting/StackTrace.cs:35)
UnityEngine.DebugLogHandler:Internal_Log (UnityEngine.LogType,UnityEngine.LogOption,string,UnityEngine.Object)
UnityEngine.DebugLogHandler:LogFormat (UnityEngine.LogType,UnityEngine.Object,string,object[])
UnityEngine.Logger:Log (UnityEngine.LogType,object)
UnityEngine.Debug:Log (object)
Warukyure.Tests.PlayMode.UIStateCapture/<CaptureTitle>d__15:MoveNext () (at Assets/Tests/PlayMode/UIStateCapture.cs:207)
UnityEngine.TestTools.TestEnumerator/<Execute>d__7:MoveNext () (at ./Library/PackageCache/com.unity.test-framework@76560ee600cb/UnityEngine.TestRunner/NUnitExtensions/Attributes/TestEnumerator.cs:44)
UnityEngine.TestTools.EnumerableTestMethodCommand/<ExecuteEnumerableAndRecordExceptions>d__4:MoveNext () (at ./Library/PackageCache/com.unity.test-framework@76560ee600cb/UnityEngine.TestRunner/NUnitExtensions/Commands/EnumerableTestMethodCommand.cs:79)
UnityEngine.TestTools.EnumerableTestMethodCommand:AdvanceEnumerator (System.Collections.IEnumerator) (at ./Library/PackageCache/com.unity.test-framework@76560ee600cb/UnityEngine.TestRunner/NUnitExtensions/Commands/EnumerableTestMethodCommand.cs:64)
UnityEngine.TestTools.EnumerableTestMethodCommand/<ExecuteEnumerable>d__2:MoveNext () (at ./Library/PackageCache/com.unity.test-framework@76560ee600cb/UnityEngine.TestRunner/NUnitExtensions/Commands/EnumerableTestMethodCommand.cs:47)
UnityEngine.TestRunner.NUnitExtensions.Runner.UnityLogCheckDelegatingCommand/<ExecuteEnumerable>d__3:MoveNext () (at ./Library/PackageCache/com.unity.test-framework@76560ee600cb/UnityEngine.TestRunner/NUnitExtensions/Runner/UnityLogCheckDelegatingCommand.cs:48)
UnityEngine.TestTools.BeforeAfterTestCommandBase`1/<ExecuteEnumerable>d__16<NUnit.Framework.ITestAction>:MoveNext () (at ./Library/PackageCache/com.unity.test-framework@76560ee600cb/UnityEngine.TestRunner/NUnitExtensions/Commands/BeforeAfterTestCommandBase.cs:212)
UnityEngine.TestTools.BeforeAfterTestCommandBase`1/<ExecuteEnumerable>d__16<System.Reflection.MethodInfo>:MoveNext () (at ./Library/PackageCache/com.unity.test-framework@76560ee600cb/UnityEngine.TestRunner/NUnitExtensions/Commands/BeforeAfterTestCommandBase.cs:212)
UnityEngine.TestTools.BeforeAfterTestCommandBase`1/<ExecuteEnumerable>d__16<System.Reflection.MethodInfo>:MoveNext () (at ./Library/PackageCache/com.unity.test-framework@76560ee600cb/UnityEngine.TestRunner/NUnitExtensions/Commands/BeforeAfterTestCommandBase.cs:212)
UnityEngine.TestTools.BeforeAfterTestCommandBase`1/<ExecuteEnumerable>d__16<UnityEngine.TestTools.IOuterUnityTestAction>:MoveNext () (at ./Library/PackageCache/com.unity.test-framework@76560ee600cb/UnityEngine.TestRunner/NUnitExtensions/Commands/BeforeAfterTestCommandBase.cs:212)
UnityEngine.TestTools.RetryCommand/<ExecuteEnumerable>d__2:MoveNext () (at ./Library/PackageCache/com.unity.test-framework@76560ee600cb/UnityEngine.TestRunner/NUnitExtensions/Commands/RetryCommand.cs:37)
UnityEngine.TestTools.RepeatCommand/<ExecuteEnumerable>d__2:MoveNext () (at ./Library/PackageCache/com.unity.test-framework@76560ee600cb/UnityEngine.TestRunner/NUnitExtensions/Commands/RepeatCommand.cs:36)
UnityEngine.TestTools.IgnoreTestCommand/<ExecuteEnumerable>d__3:MoveNext () (at ./Library/PackageCache/com.unity.test-framework@76560ee600cb/UnityEngine.TestRunner/NUnitExtensions/Commands/IgnoreTestCommand.cs:42)
UnityEngine.TestTools.StrictCheckCommand/<ExecuteEnumerable>d__2:MoveNext () (at ./Library/PackageCache/com.unity.test-framework@76560ee600cb/UnityEngine.TestRunner/NUnitExtensions/Commands/StrictCheckCommand.cs:29)
UnityEngine.TestTools.Utils.CoroutineRunner/<WrapEnumeratorForChecks>d__8:MoveNext () (at ./Library/PackageCache/com.unity.test-framework@76560ee600cb/UnityEngine.TestRunner/Utils/CoroutineRunner.cs:58)
UnityEngine.SetupCoroutine:InvokeMoveNext (System.Collections.IEnumerator,intptr) (at /Users/bokken/build/output/unity/unity/Runtime/Export/Scripting/Coroutines.cs:17)

(Filename: Assets/Tests/PlayMode/UIStateCapture.cs Line: 207)

Saving results to: design-state/_raw/test_results.xml
Thread 0x1731fb000 may have been prematurely finalized
Unloading 12 Unused Serialized files (Serialized files now loaded: 0)
Loaded scene 'Temp/__Backupscenes/0.backup'
	Deserialize:            0.276 ms
	Integration:            2.590 ms
	Integration of assets:  0.001 ms
	Thread Wait Time:       0.008 ms
	Total Operation Time:   2.874 ms
Unloading 16 unused Assets / (3.3 MB). Loaded Objects now: 2067.
Memory consumption went from 114.5 MB to 111.2 MB.
Total: 5.099041 ms (FindLiveObjects: 0.043625 ms CreateObjectMapping: 0.020458 ms MarkObjects: 4.824583 ms  DeleteObjects: 0.210208 ms)

Unloading 0 Unused Serialized files (Serialized files now loaded: 0)
Unloading 0 unused Assets / (0 B). Loaded Objects now: 2072.
Memory consumption went from 107.4 MB to 107.4 MB.
Total: 3.478875 ms (FindLiveObjects: 0.029541 ms CreateObjectMapping: 0.013334 ms MarkObjects: 3.433000 ms  DeleteObjects: 0.002959 ms)

Asset Pipeline Refresh (id=462135871f582401fb5a9d7707538f03): Total: 0.023 seconds - Initiated by StopAssetImportingV2(NoUpdateAssetOptions)
DisplayProgressbar: Undo
Test run completed. Exiting with code 0 (Ok). Run completed.
UnityEngine.Debug:ExtractStackTraceNoAlloc (byte*,int,string)
UnityEngine.StackTraceUtility:ExtractStackTrace () (at /Users/bokken/build/output/unity/unity/Runtime/Export/Scripting/StackTrace.cs:35)
UnityEngine.DebugLogHandler:Internal_Log (UnityEngine.LogType,UnityEngine.LogOption,string,UnityEngine.Object)
UnityEngine.DebugLogHandler:LogFormat (UnityEngine.LogType,UnityEngine.Object,string,object[])
UnityEngine.Logger:Log (UnityEngine.LogType,object)
UnityEngine.Debug:Log (object)
UnityEditor.TestTools.TestRunner.CommandLineTest.Executer:ExitApplication (UnityEditor.TestTools.TestRunner.CommandLineTest.Executer/ReturnCodes,string) (at ./Library/PackageCache/com.unity.test-framework@76560ee600cb/UnityEditor.TestRunner/CommandLineTest/Executer.cs:81)
UnityEditor.TestTools.TestRunner.CommandLineTest.Executer:ExitIfRunIsCompleted () (at ./Library/PackageCache/com.unity.test-framework@76560ee600cb/UnityEditor.TestRunner/CommandLineTest/Executer.cs:74)
UnityEditor.EditorApplication:Internal_CallUpdateFunctions () (at /Users/bokken/build/output/unity/unity/Editor/Mono/EditorApplication.cs:401)

(Filename: ./Library/PackageCache/com.unity.test-framework@76560ee600cb/UnityEditor.TestRunner/CommandLineTest/Executer.cs Line: 81)

Start importing ProjectSettings/ProjectSettings.asset using Guid(00000000000000004000000000000000) (LibraryAssetImporter) -> (Import Result ID: '51fed9499a56dfe46f36c61e39aedeff') in 0.002576667 seconds [static dependencies only]. Details - ImportResultOutputID=d3ca6db29495033f6ec6c171ea098da8 DependenciesID=c248cc951959fafad6f0181e495f4123 StaticDependenciesID=4d3b26284695f4784dc587604bcfe4ee 
Asset Pipeline Refresh (id=d07e0a01656174de0acb1eeb943ca7e5): Total: 0.006 seconds - Initiated by StopAssetImportingV2(NoUpdateAssetOptions)
Thread 0x17d547000 may have been prematurely finalized
Input System module state changed to: ShutdownInProgress.
Input Polling Thread exited.
Input System module state changed to: Shutdown.
[Physics::Module] Cleanup current backend.
[Physics::Module] Id: 0xf2b8ea05
[Licensing::IpcConnector] LicenseClient-suzukimasahiro-notifications channel disconnected successfully.
[Licensing::IpcConnector] LicenseClient-suzukimasahiro channel disconnected successfully.
Thread 0x170fff000 may have been prematurely finalized
AcceleratorClientConnectionCallback - disconnected - :0
info: Microsoft.Hosting.Lifetime[0]
      Application is shutting down...
Cleanup mono
CodeReloadManager destroyed
debugger-agent: Unable to listen on 43
